ADDR  HEX   BINARY               SOURCE
----  ----  -------------------  ----------------------------------------
00    9021  1001 0000 0010 0001  addi $t1, $zero, 1    // $t1 = 1
01    9033  1001 0000 0011 0011  addi $t2, $zero, 3    // $t2 = 3
02    4231  0100 0010 0011 0001  add $t0, $t1, $t2     // $t0 = 4
03    4134  0100 0001 0011 0100  add $t3, $t0, $t2     // $t3 = 7
04    4125  0100 0001 0010 0101  add $t4, $t0, $t1    // $t4 = 5
05    7323  0111 0011 0010 0011  sw $t1, 3($t2)    // mem[$t2+3] = mem[6] = 1
06    3222  0011 0010 0010 0010  sll $t1, $t1, 2    // $t1 = 4
07    0121  0000 0001 0010 0001  beq $t0, $t1, label1  // branching will happe
08    E1A0  1110 0001 1010 0000  j end
09    B415  1011 0100 0001 0101  sub $t4, $t3, $t0    // $t4 = 3
0A    2441  0010 0100 0100 0001  subi $t3, $t3, 1    // $t3 = 6
0B    5441  0101 0100 0100 0001  srl $t3, $t3, 1    // $t3 = 3
0C    D323  1101 0011 0010 0011  lw $t1, 3($t2)    // $t1 = mem[6] = 1
0D    6241  0110 0010 0100 0001  and $t0, $t1, $t3    // $t0 = 1
0E    F452  1111 0100 0101 0010  or $t1, $t3, $t4     // $t1 = 3
0F    E180  1110 0001 1000 0000  j label2
10    7610  0111 0110 0001 0000  push $t0      // mem[FF] = 1
11    7620  0111 0110 0010 0000  push $t1      // mem[FE] = 3
12    1114  0001 0001 0001 0100  ori $t0, $t0, 4    // $t0 = 5
13    D610  1101 0110 0001 0000  pop $t0       // $t0 = 3
14    C330  1100 0011 0011 0000  andi $t2, $t2, 0    // $t2 = 0
15    D630  1101 0110 0011 0000  pop $t2      // $t2 = 1
16    8333  1000 0011 0011 0011  nor $t2, $t2, $t2     // $t2 = -2
17    E1A0  1110 0001 1010 0000  j end
18    0131  0000 0001 0011 0001  bneq $t0, $t2, label3  // branching will be executed    [far branch expanded]
19    E100  1110 0001 0000 0000      [assembler] j label3
1A    000F  0000 0000 0000 1111      [assembler] terminal self-loop
